[0.026s] Invoking command in '/root/drone_project/build/drone_sim_bringup': CMAKE_PREFIX_PATH=${CMAKE_PREFIX_PATH}:/opt/ros/jazzy /usr/bin/cmake /root/drone_project/src/drone_sim_bringup -DCMAKE_BUILD_TYPE=Release -DAMENT_CMAKE_SYMLINK_INSTALL=1 -DCMAKE_INSTALL_PREFIX=/root/drone_project/install/drone_sim_bringup
[0.154s] -- The C compiler identification is GNU 13.3.0
[0.238s] -- The CXX compiler identification is GNU 13.3.0
[0.265s] -- Detecting C compiler ABI info
[0.419s] -- Detecting C compiler ABI info - done
[0.426s] -- Check for working C compiler: /usr/bin/cc - skipped
[0.427s] -- Detecting C compile features
[0.427s] -- Detecting C compile features - done
[0.443s] -- Detecting CXX compiler ABI info
[0.625s] -- Detecting CXX compiler ABI info - done
[0.633s] -- Check for working CXX compiler: /usr/bin/c++ - skipped
[0.634s] -- Detecting CXX compile features
[0.634s] -- Detecting CXX compile features - done
[0.645s] -- Found ament_cmake: 2.5.5 (/opt/ros/jazzy/share/ament_cmake/cmake)
[0.850s] -- Found Python3: /usr/bin/python3 (found version "3.12.3") found components: Interpreter 
[0.946s] -- Override CMake install command with custom implementation using symlinks instead of copying resources
[1.175s] -- Configuring done (1.1s)
[1.185s] -- Generating done (0.0s)
[1.188s] -- Build files have been written to: /root/drone_project/build/drone_sim_bringup
[1.195s] Invoked command in '/root/drone_project/build/drone_sim_bringup' returned '0': CMAKE_PREFIX_PATH=${CMAKE_PREFIX_PATH}:/opt/ros/jazzy /usr/bin/cmake /root/drone_project/src/drone_sim_bringup -DCMAKE_BUILD_TYPE=Release -DAMENT_CMAKE_SYMLINK_INSTALL=1 -DCMAKE_INSTALL_PREFIX=/root/drone_project/install/drone_sim_bringup
[1.197s] Invoking command in '/root/drone_project/build/drone_sim_bringup': CMAKE_PREFIX_PATH=${CMAKE_PREFIX_PATH}:/opt/ros/jazzy /usr/bin/cmake --build /root/drone_project/build/drone_sim_bringup -- -j16 -l16
[1.269s] Invoked command in '/root/drone_project/build/drone_sim_bringup' returned '0': CMAKE_PREFIX_PATH=${CMAKE_PREFIX_PATH}:/opt/ros/jazzy /usr/bin/cmake --build /root/drone_project/build/drone_sim_bringup -- -j16 -l16
[1.286s] Invoking command in '/root/drone_project/build/drone_sim_bringup': CMAKE_PREFIX_PATH=${CMAKE_PREFIX_PATH}:/opt/ros/jazzy /usr/bin/cmake --install /root/drone_project/build/drone_sim_bringup
[1.300s] -- Install configuration: "Release"
[1.301s] -- Execute custom install script
[1.303s] -- Symlinking: /root/drone_project/install/drone_sim_bringup/share/drone_sim_bringup/launch/bridge.launch.py
[1.320s] -- Symlinking: /root/drone_project/install/drone_sim_bringup/share/drone_sim_bringup/launch/gazebo.launch.py
[1.337s] -- Symlinking: /root/drone_project/install/drone_sim_bringup/share/drone_sim_bringup/launch/sim_bringup.launch.py
[1.355s] -- Symlinking: /root/drone_project/install/drone_sim_bringup/share/drone_sim_bringup/config/drone_sim.rviz
[1.373s] -- Symlinking: /root/drone_project/install/drone_sim_bringup/share/ament_index/resource_index/package_run_dependencies/drone_sim_bringup
[1.390s] -- Symlinking: /root/drone_project/install/drone_sim_bringup/share/ament_index/resource_index/parent_prefix_path/drone_sim_bringup
[1.408s] -- Symlinking: /root/drone_project/install/drone_sim_bringup/share/drone_sim_bringup/environment/ament_prefix_path.sh
[1.426s] -- Symlinking: /root/drone_project/install/drone_sim_bringup/share/drone_sim_bringup/environment/ament_prefix_path.dsv
[1.443s] -- Symlinking: /root/drone_project/install/drone_sim_bringup/share/drone_sim_bringup/environment/path.sh
[1.459s] -- Symlinking: /root/drone_project/install/drone_sim_bringup/share/drone_sim_bringup/environment/path.dsv
[1.476s] -- Symlinking: /root/drone_project/install/drone_sim_bringup/share/drone_sim_bringup/local_setup.bash
[1.493s] -- Symlinking: /root/drone_project/install/drone_sim_bringup/share/drone_sim_bringup/local_setup.sh
[1.509s] -- Symlinking: /root/drone_project/install/drone_sim_bringup/share/drone_sim_bringup/local_setup.zsh
[1.526s] -- Symlinking: /root/drone_project/install/drone_sim_bringup/share/drone_sim_bringup/local_setup.dsv
[1.543s] -- Symlinking: /root/drone_project/install/drone_sim_bringup/share/drone_sim_bringup/package.dsv
[1.561s] -- Symlinking: /root/drone_project/install/drone_sim_bringup/share/ament_index/resource_index/packages/drone_sim_bringup
[1.579s] -- Symlinking: /root/drone_project/install/drone_sim_bringup/share/drone_sim_bringup/cmake/drone_sim_bringupConfig.cmake
[1.596s] -- Symlinking: /root/drone_project/install/drone_sim_bringup/share/drone_sim_bringup/cmake/drone_sim_bringupConfig-version.cmake
[1.614s] -- Symlinking: /root/drone_project/install/drone_sim_bringup/share/drone_sim_bringup/package.xml
[1.634s] Invoked command in '/root/drone_project/build/drone_sim_bringup' returned '0': CMAKE_PREFIX_PATH=${CMAKE_PREFIX_PATH}:/opt/ros/jazzy /usr/bin/cmake --install /root/drone_project/build/drone_sim_bringup
