[0.296s] DEBUG:colcon:Command line arguments: ['/usr/bin/colcon', 'build', '--symlink-install', '--cmake-args', '-DCMAKE_BUILD_TYPE=Release']
[0.297s] DEBUG:colcon:Parsed command line arguments: Namespace(log_base=None, log_level=None, verb_name='build', build_base='build', install_base='install', merge_install=False, symlink_install=True, test_result_base=None, continue_on_error=False, executor='parallel', parallel_workers=16, event_handlers=None, ignore_user_meta=False, metas=['./colcon.meta'], base_paths=['.'], packages_ignore=None, packages_ignore_regex=None, paths=None, packages_up_to=None, packages_up_to_regex=None, packages_above=None, packages_above_and_dependencies=None, packages_above_depth=None, packages_select_by_dep=None, packages_skip_by_dep=None, packages_skip_up_to=None, packages_select_build_failed=False, packages_skip_build_finished=False, packages_select_test_failures=False, packages_skip_test_passed=False, packages_select=None, packages_skip=None, packages_select_regex=None, packages_skip_regex=None, packages_start=None, packages_end=None, cmake_args=['-DCMAKE_BUILD_TYPE=Release'], cmake_target=None, cmake_target_skip_unavailable=False, cmake_clean_cache=False, cmake_clean_first=False, cmake_force_configure=False, ament_cmake_args=None, catkin_cmake_args=None, catkin_skip_building_tests=False, mixin_files=None, mixin=None, verb_parser=<colcon_mixin.mixin.mixin_argument.MixinArgumentDecorator object at 0x72a5dda955e0>, verb_extension=<colcon_core.verb.build.BuildVerb object at 0x72a5dda94f50>, main=<bound method BuildVerb.main of <colcon_core.verb.build.BuildVerb object at 0x72a5dda94f50>>, mixin_verb=('build',))
[0.379s] Level 1:colcon.colcon_core.package_discovery:discover_packages(colcon_meta) check parameters
[0.381s] INFO:colcon.colcon_metadata.package_discovery.colcon_meta:Using configuration from '/root/.colcon/metadata/default/Gazebo.meta'
[0.381s] INFO:colcon.colcon_metadata.package_discovery.colcon_meta:Using configuration from '/root/.colcon/metadata/default/fastdds.meta'
[0.382s] INFO:colcon.colcon_metadata.package_discovery.colcon_meta:Using configuration from '/root/.colcon/metadata/default/fastrtps.meta'
[0.382s] Level 1:colcon.colcon_core.package_discovery:discover_packages(recursive) check parameters
[0.382s] Level 1:colcon.colcon_core.package_discovery:discover_packages(ignore) check parameters
[0.382s] Level 1:colcon.colcon_core.package_discovery:discover_packages(path) check parameters
[0.382s] Level 1:colcon.colcon_core.package_discovery:discover_packages(colcon_meta) discover
[0.382s] Level 1:colcon.colcon_core.package_discovery:discover_packages(recursive) discover
[0.383s] INFO:colcon.colcon_core.package_discovery:Crawling recursively for packages in '/root/drone_project'
[0.383s] Level 1:colcon.colcon_core.package_identification:_identify(.) by extensions ['ignore', 'ignore_ament_install']
[0.383s] Level 1:colcon.colcon_core.package_identification:_identify(.) by extension 'ignore'
[0.383s] Level 1:colcon.colcon_core.package_identification:_identify(.) by extension 'ignore_ament_install'
[0.384s] Level 1:colcon.colcon_core.package_identification:_identify(.) by extensions ['colcon_pkg']
[0.384s] Level 1:colcon.colcon_core.package_identification:_identify(.) by extension 'colcon_pkg'
[0.384s] Level 1:colcon.colcon_core.package_identification:_identify(.) by extensions ['colcon_meta']
[0.384s] Level 1:colcon.colcon_core.package_identification:_identify(.) by extension 'colcon_meta'
[0.384s] Level 1:colcon.colcon_core.package_identification:_identify(.) by extensions ['ros']
[0.384s] Level 1:colcon.colcon_core.package_identification:_identify(.) by extension 'ros'
[0.422s] Level 1:colcon.colcon_core.package_identification:_identify(.) by extensions ['cmake', 'python']
[0.422s] Level 1:colcon.colcon_core.package_identification:_identify(.) by extension 'cmake'
[0.422s] Level 1:colcon.colcon_core.package_identification:_identify(.) by extension 'python'
[0.422s] Level 1:colcon.colcon_core.package_identification:_identify(.) by extensions ['python_setup_py']
[0.422s] Level 1:colcon.colcon_core.package_identification:_identify(.) by extension 'python_setup_py'
[0.423s] Level 1:colcon.colcon_core.package_identification:_identify(build) by extensions ['ignore', 'ignore_ament_install']
[0.423s] Level 1:colcon.colcon_core.package_identification:_identify(build) by extension 'ignore'
[0.423s] Level 1:colcon.colcon_core.package_identification:_identify(build) ignored
[0.423s] Level 1:colcon.colcon_core.package_identification:_identify(install) by extensions ['ignore', 'ignore_ament_install']
[0.424s] Level 1:colcon.colcon_core.package_identification:_identify(install) by extension 'ignore'
[0.424s] Level 1:colcon.colcon_core.package_identification:_identify(install) ignored
[0.424s] Level 1:colcon.colcon_core.package_identification:_identify(log) by extensions ['ignore', 'ignore_ament_install']
[0.424s] Level 1:colcon.colcon_core.package_identification:_identify(log) by extension 'ignore'
[0.424s] Level 1:colcon.colcon_core.package_identification:_identify(log) ignored
[0.425s] Level 1:colcon.colcon_core.package_identification:_identify(models) by extensions ['ignore', 'ignore_ament_install']
[0.425s] Level 1:colcon.colcon_core.package_identification:_identify(models) by extension 'ignore'
[0.425s] Level 1:colcon.colcon_core.package_identification:_identify(models) by extension 'ignore_ament_install'
[0.425s] Level 1:colcon.colcon_core.package_identification:_identify(models) by extensions ['colcon_pkg']
[0.425s] Level 1:colcon.colcon_core.package_identification:_identify(models) by extension 'colcon_pkg'
[0.425s] Level 1:colcon.colcon_core.package_identification:_identify(models) by extensions ['colcon_meta']
[0.425s] Level 1:colcon.colcon_core.package_identification:_identify(models) by extension 'colcon_meta'
[0.425s] Level 1:colcon.colcon_core.package_identification:_identify(models) by extensions ['ros']
[0.425s] Level 1:colcon.colcon_core.package_identification:_identify(models) by extension 'ros'
[0.425s] Level 1:colcon.colcon_core.package_identification:_identify(models) by extensions ['cmake', 'python']
[0.426s] Level 1:colcon.colcon_core.package_identification:_identify(models) by extension 'cmake'
[0.426s] Level 1:colcon.colcon_core.package_identification:_identify(models) by extension 'python'
[0.426s] Level 1:colcon.colcon_core.package_identification:_identify(models) by extensions ['python_setup_py']
[0.426s] Level 1:colcon.colcon_core.package_identification:_identify(models) by extension 'python_setup_py'
[0.426s] Level 1:colcon.colcon_core.package_identification:_identify(models/simple_drone) by extensions ['ignore', 'ignore_ament_install']
[0.426s] Level 1:colcon.colcon_core.package_identification:_identify(models/simple_drone) by extension 'ignore'
[0.426s] Level 1:colcon.colcon_core.package_identification:_identify(models/simple_drone) by extension 'ignore_ament_install'
[0.426s] Level 1:colcon.colcon_core.package_identification:_identify(models/simple_drone) by extensions ['colcon_pkg']
[0.426s] Level 1:colcon.colcon_core.package_identification:_identify(models/simple_drone) by extension 'colcon_pkg'
[0.426s] Level 1:colcon.colcon_core.package_identification:_identify(models/simple_drone) by extensions ['colcon_meta']
[0.426s] Level 1:colcon.colcon_core.package_identification:_identify(models/simple_drone) by extension 'colcon_meta'
[0.426s] Level 1:colcon.colcon_core.package_identification:_identify(models/simple_drone) by extensions ['ros']
[0.426s] Level 1:colcon.colcon_core.package_identification:_identify(models/simple_drone) by extension 'ros'
[0.427s] Level 1:colcon.colcon_core.package_identification:_identify(models/simple_drone) by extensions ['cmake', 'python']
[0.427s] Level 1:colcon.colcon_core.package_identification:_identify(models/simple_drone) by extension 'cmake'
[0.427s] Level 1:colcon.colcon_core.package_identification:_identify(models/simple_drone) by extension 'python'
[0.427s] Level 1:colcon.colcon_core.package_identification:_identify(models/simple_drone) by extensions ['python_setup_py']
[0.427s] Level 1:colcon.colcon_core.package_identification:_identify(models/simple_drone) by extension 'python_setup_py'
[0.427s] Level 1:colcon.colcon_core.package_identification:_identify(models/test) by extensions ['ignore', 'ignore_ament_install']
[0.427s] Level 1:colcon.colcon_core.package_identification:_identify(models/test) by extension 'ignore'
[0.428s] Level 1:colcon.colcon_core.package_identification:_identify(models/test) by extension 'ignore_ament_install'
[0.428s] Level 1:colcon.colcon_core.package_identification:_identify(models/test) by extensions ['colcon_pkg']
[0.428s] Level 1:colcon.colcon_core.package_identification:_identify(models/test) by extension 'colcon_pkg'
[0.428s] Level 1:colcon.colcon_core.package_identification:_identify(models/test) by extensions ['colcon_meta']
[0.428s] Level 1:colcon.colcon_core.package_identification:_identify(models/test) by extension 'colcon_meta'
[0.428s] Level 1:colcon.colcon_core.package_identification:_identify(models/test) by extensions ['ros']
[0.428s] Level 1:colcon.colcon_core.package_identification:_identify(models/test) by extension 'ros'
[0.428s] Level 1:colcon.colcon_core.package_identification:_identify(models/test) by extensions ['cmake', 'python']
[0.428s] Level 1:colcon.colcon_core.package_identification:_identify(models/test) by extension 'cmake'
[0.428s] Level 1:colcon.colcon_core.package_identification:_identify(models/test) by extension 'python'
[0.428s] Level 1:colcon.colcon_core.package_identification:_identify(models/test) by extensions ['python_setup_py']
[0.428s] Level 1:colcon.colcon_core.package_identification:_identify(models/test) by extension 'python_setup_py'
[0.429s] Level 1:colcon.colcon_core.package_identification:_identify(models/test/meshes) by extensions ['ignore', 'ignore_ament_install']
[0.429s] Level 1:colcon.colcon_core.package_identification:_identify(models/test/meshes) by extension 'ignore'
[0.429s] Level 1:colcon.colcon_core.package_identification:_identify(models/test/meshes) by extension 'ignore_ament_install'
[0.429s] Level 1:colcon.colcon_core.package_identification:_identify(models/test/meshes) by extensions ['colcon_pkg']
[0.429s] Level 1:colcon.colcon_core.package_identification:_identify(models/test/meshes) by extension 'colcon_pkg'
[0.429s] Level 1:colcon.colcon_core.package_identification:_identify(models/test/meshes) by extensions ['colcon_meta']
[0.429s] Level 1:colcon.colcon_core.package_identification:_identify(models/test/meshes) by extension 'colcon_meta'
[0.429s] Level 1:colcon.colcon_core.package_identification:_identify(models/test/meshes) by extensions ['ros']
[0.429s] Level 1:colcon.colcon_core.package_identification:_identify(models/test/meshes) by extension 'ros'
[0.429s] Level 1:colcon.colcon_core.package_identification:_identify(models/test/meshes) by extensions ['cmake', 'python']
[0.429s] Level 1:colcon.colcon_core.package_identification:_identify(models/test/meshes) by extension 'cmake'
[0.429s] Level 1:colcon.colcon_core.package_identification:_identify(models/test/meshes) by extension 'python'
[0.429s] Level 1:colcon.colcon_core.package_identification:_identify(models/test/meshes) by extensions ['python_setup_py']
[0.429s] Level 1:colcon.colcon_core.package_identification:_identify(models/test/meshes) by extension 'python_setup_py'
[0.430s] Level 1:colcon.colcon_core.package_identification:_identify(scripts) by extensions ['ignore', 'ignore_ament_install']
[0.430s] Level 1:colcon.colcon_core.package_identification:_identify(scripts) by extension 'ignore'
[0.430s] Level 1:colcon.colcon_core.package_identification:_identify(scripts) by extension 'ignore_ament_install'
[0.431s] Level 1:colcon.colcon_core.package_identification:_identify(scripts) by extensions ['colcon_pkg']
[0.431s] Level 1:colcon.colcon_core.package_identification:_identify(scripts) by extension 'colcon_pkg'
[0.431s] Level 1:colcon.colcon_core.package_identification:_identify(scripts) by extensions ['colcon_meta']
[0.431s] Level 1:colcon.colcon_core.package_identification:_identify(scripts) by extension 'colcon_meta'
[0.431s] Level 1:colcon.colcon_core.package_identification:_identify(scripts) by extensions ['ros']
[0.431s] Level 1:colcon.colcon_core.package_identification:_identify(scripts) by extension 'ros'
[0.431s] Level 1:colcon.colcon_core.package_identification:_identify(scripts) by extensions ['cmake', 'python']
[0.431s] Level 1:colcon.colcon_core.package_identification:_identify(scripts) by extension 'cmake'
[0.431s] Level 1:colcon.colcon_core.package_identification:_identify(scripts) by extension 'python'
[0.431s] Level 1:colcon.colcon_core.package_identification:_identify(scripts) by extensions ['python_setup_py']
[0.431s] Level 1:colcon.colcon_core.package_identification:_identify(scripts) by extension 'python_setup_py'
[0.432s] Level 1:colcon.colcon_core.package_identification:_identify(src) by extensions ['ignore', 'ignore_ament_install']
[0.432s] Level 1:colcon.colcon_core.package_identification:_identify(src) by extension 'ignore'
[0.432s] Level 1:colcon.colcon_core.package_identification:_identify(src) by extension 'ignore_ament_install'
[0.432s] Level 1:colcon.colcon_core.package_identification:_identify(src) by extensions ['colcon_pkg']
[0.432s] Level 1:colcon.colcon_core.package_identification:_identify(src) by extension 'colcon_pkg'
[0.432s] Level 1:colcon.colcon_core.package_identification:_identify(src) by extensions ['colcon_meta']
[0.432s] Level 1:colcon.colcon_core.package_identification:_identify(src) by extension 'colcon_meta'
[0.432s] Level 1:colcon.colcon_core.package_identification:_identify(src) by extensions ['ros']
[0.432s] Level 1:colcon.colcon_core.package_identification:_identify(src) by extension 'ros'
[0.432s] Level 1:colcon.colcon_core.package_identification:_identify(src) by extensions ['cmake', 'python']
[0.432s] Level 1:colcon.colcon_core.package_identification:_identify(src) by extension 'cmake'
[0.432s] Level 1:colcon.colcon_core.package_identification:_identify(src) by extension 'python'
[0.432s] Level 1:colcon.colcon_core.package_identification:_identify(src) by extensions ['python_setup_py']
[0.432s] Level 1:colcon.colcon_core.package_identification:_identify(src) by extension 'python_setup_py'
[0.433s] Level 1:colcon.colcon_core.package_identification:_identify(src/drone_sim_bringup) by extensions ['ignore', 'ignore_ament_install']
[0.433s] Level 1:colcon.colcon_core.package_identification:_identify(src/drone_sim_bringup) by extension 'ignore'
[0.433s] Level 1:colcon.colcon_core.package_identification:_identify(src/drone_sim_bringup) by extension 'ignore_ament_install'
[0.433s] Level 1:colcon.colcon_core.package_identification:_identify(src/drone_sim_bringup) by extensions ['colcon_pkg']
[0.433s] Level 1:colcon.colcon_core.package_identification:_identify(src/drone_sim_bringup) by extension 'colcon_pkg'
[0.433s] Level 1:colcon.colcon_core.package_identification:_identify(src/drone_sim_bringup) by extensions ['colcon_meta']
[0.433s] Level 1:colcon.colcon_core.package_identification:_identify(src/drone_sim_bringup) by extension 'colcon_meta'
[0.433s] Level 1:colcon.colcon_core.package_identification:_identify(src/drone_sim_bringup) by extensions ['ros']
[0.433s] Level 1:colcon.colcon_core.package_identification:_identify(src/drone_sim_bringup) by extension 'ros'
[0.438s] DEBUG:colcon.colcon_core.package_identification:Package 'src/drone_sim_bringup' with type 'ros.ament_cmake' and name 'drone_sim_bringup'
[0.439s] Level 1:colcon.colcon_core.package_identification:_identify(worlds) by extensions ['ignore', 'ignore_ament_install']
[0.439s] Level 1:colcon.colcon_core.package_identification:_identify(worlds) by extension 'ignore'
[0.439s] Level 1:colcon.colcon_core.package_identification:_identify(worlds) by extension 'ignore_ament_install'
[0.439s] Level 1:colcon.colcon_core.package_identification:_identify(worlds) by extensions ['colcon_pkg']
[0.439s] Level 1:colcon.colcon_core.package_identification:_identify(worlds) by extension 'colcon_pkg'
[0.439s] Level 1:colcon.colcon_core.package_identification:_identify(worlds) by extensions ['colcon_meta']
[0.439s] Level 1:colcon.colcon_core.package_identification:_identify(worlds) by extension 'colcon_meta'
[0.439s] Level 1:colcon.colcon_core.package_identification:_identify(worlds) by extensions ['ros']
[0.439s] Level 1:colcon.colcon_core.package_identification:_identify(worlds) by extension 'ros'
[0.440s] Level 1:colcon.colcon_core.package_identification:_identify(worlds) by extensions ['cmake', 'python']
[0.440s] Level 1:colcon.colcon_core.package_identification:_identify(worlds) by extension 'cmake'
[0.440s] Level 1:colcon.colcon_core.package_identification:_identify(worlds) by extension 'python'
[0.440s] Level 1:colcon.colcon_core.package_identification:_identify(worlds) by extensions ['python_setup_py']
[0.440s] Level 1:colcon.colcon_core.package_identification:_identify(worlds) by extension 'python_setup_py'
[0.440s] Level 1:colcon.colcon_core.package_discovery:discover_packages(recursive) using defaults
[0.440s] Level 1:colcon.colcon_core.package_discovery:discover_packages(ignore) discover
[0.440s] Level 1:colcon.colcon_core.package_discovery:discover_packages(ignore) using defaults
[0.440s] Level 1:colcon.colcon_core.package_discovery:discover_packages(path) discover
[0.440s] Level 1:colcon.colcon_core.package_discovery:discover_packages(path) using defaults
[0.469s] Level 5:colcon.colcon_core.verb:set package 'drone_sim_bringup' build argument 'cmake_args' from command line to '['-DCMAKE_BUILD_TYPE=Release']'
[0.469s] Level 5:colcon.colcon_core.verb:set package 'drone_sim_bringup' build argument 'cmake_target' from command line to 'None'
[0.469s] Level 5:colcon.colcon_core.verb:set package 'drone_sim_bringup' build argument 'cmake_target_skip_unavailable' from command line to 'False'
[0.469s] Level 5:colcon.colcon_core.verb:set package 'drone_sim_bringup' build argument 'cmake_clean_cache' from command line to 'False'
[0.469s] Level 5:colcon.colcon_core.verb:set package 'drone_sim_bringup' build argument 'cmake_clean_first' from command line to 'False'
[0.469s] Level 5:colcon.colcon_core.verb:set package 'drone_sim_bringup' build argument 'cmake_force_configure' from command line to 'False'
[0.469s] Level 5:colcon.colcon_core.verb:set package 'drone_sim_bringup' build argument 'ament_cmake_args' from command line to 'None'
[0.469s] Level 5:colcon.colcon_core.verb:set package 'drone_sim_bringup' build argument 'catkin_cmake_args' from command line to 'None'
[0.469s] Level 5:colcon.colcon_core.verb:set package 'drone_sim_bringup' build argument 'catkin_skip_building_tests' from command line to 'False'
[0.469s] DEBUG:colcon.colcon_core.verb:Building package 'drone_sim_bringup' with the following arguments: {'ament_cmake_args': None, 'build_base': '/root/drone_project/build/drone_sim_bringup', 'catkin_cmake_args': None, 'catkin_skip_building_tests': False, 'cmake_args': ['-DCMAKE_BUILD_TYPE=Release'], 'cmake_clean_cache': False, 'cmake_clean_first': False, 'cmake_force_configure': False, 'cmake_target': None, 'cmake_target_skip_unavailable': False, 'install_base': '/root/drone_project/install/drone_sim_bringup', 'merge_install': False, 'path': '/root/drone_project/src/drone_sim_bringup', 'symlink_install': True, 'test_result_base': None}
[0.470s] INFO:colcon.colcon_core.executor:Executing jobs using 'parallel' executor
[0.472s] DEBUG:colcon.colcon_parallel_executor.executor.parallel:run_until_complete
[0.472s] INFO:colcon.colcon_ros.task.ament_cmake.build:Building ROS package in '/root/drone_project/src/drone_sim_bringup' with build type 'ament_cmake'
[0.472s] INFO:colcon.colcon_cmake.task.cmake.build:Building CMake package in '/root/drone_project/src/drone_sim_bringup'
[0.478s] INFO:colcon.colcon_core.plugin_system:Skipping extension 'colcon_core.shell.bat': Not used on non-Windows systems
[0.479s] INFO:colcon.colcon_core.shell:Skip shell extension 'powershell' for command environment: Not usable outside of PowerShell
[0.479s] DEBUG:colcon.colcon_core.shell:Skip shell extension 'dsv' for command environment
[0.499s] DEBUG:colcon.colcon_core.event_handler.log_command:Invoking command in '/root/drone_project/build/drone_sim_bringup': CMAKE_PREFIX_PATH=${CMAKE_PREFIX_PATH}:/opt/ros/jazzy /usr/bin/cmake --build /root/drone_project/build/drone_sim_bringup -- -j16 -l16
[0.653s] DEBUG:colcon.colcon_core.event_handler.log_command:Invoked command in '/root/drone_project/build/drone_sim_bringup' returned '0': CMAKE_PREFIX_PATH=${CMAKE_PREFIX_PATH}:/opt/ros/jazzy /usr/bin/cmake --build /root/drone_project/build/drone_sim_bringup -- -j16 -l16
[0.671s] DEBUG:colcon.colcon_core.event_handler.log_command:Invoking command in '/root/drone_project/build/drone_sim_bringup': CMAKE_PREFIX_PATH=${CMAKE_PREFIX_PATH}:/opt/ros/jazzy /usr/bin/cmake --install /root/drone_project/build/drone_sim_bringup
[0.719s] Level 1:colcon.colcon_core.environment:create_environment_scripts_only(drone_sim_bringup)
[0.720s] DEBUG:colcon.colcon_core.event_handler.log_command:Invoked command in '/root/drone_project/build/drone_sim_bringup' returned '0': CMAKE_PREFIX_PATH=${CMAKE_PREFIX_PATH}:/opt/ros/jazzy /usr/bin/cmake --install /root/drone_project/build/drone_sim_bringup
[0.727s] Level 1:colcon.colcon_core.environment:checking '/root/drone_project/install/drone_sim_bringup' for CMake module files
[0.728s] Level 1:colcon.colcon_core.environment:checking '/root/drone_project/install/drone_sim_bringup' for CMake config files
[0.729s] Level 1:colcon.colcon_core.shell:create_environment_hook('drone_sim_bringup', 'cmake_prefix_path')
[0.730s] INFO:colcon.colcon_core.shell:Creating environment hook '/root/drone_project/install/drone_sim_bringup/share/drone_sim_bringup/hook/cmake_prefix_path.ps1'
[0.730s] INFO:colcon.colcon_core.shell:Creating environment descriptor '/root/drone_project/install/drone_sim_bringup/share/drone_sim_bringup/hook/cmake_prefix_path.dsv'
[0.731s] INFO:colcon.colcon_core.shell:Creating environment hook '/root/drone_project/install/drone_sim_bringup/share/drone_sim_bringup/hook/cmake_prefix_path.sh'
[0.733s] Level 1:colcon.colcon_core.environment:checking '/root/drone_project/install/drone_sim_bringup/bin'
[0.733s] Level 1:colcon.colcon_core.environment:checking '/root/drone_project/install/drone_sim_bringup/lib/pkgconfig/drone_sim_bringup.pc'
[0.736s] Level 1:colcon.colcon_core.environment:checking '/root/drone_project/install/drone_sim_bringup/lib/python3.12/site-packages'
[0.737s] Level 1:colcon.colcon_core.environment:checking '/root/drone_project/install/drone_sim_bringup/bin'
[0.737s] INFO:colcon.colcon_core.shell:Creating package script '/root/drone_project/install/drone_sim_bringup/share/drone_sim_bringup/package.ps1'
[0.738s] INFO:colcon.colcon_core.shell:Creating package descriptor '/root/drone_project/install/drone_sim_bringup/share/drone_sim_bringup/package.dsv'
[0.739s] INFO:colcon.colcon_core.shell:Creating package script '/root/drone_project/install/drone_sim_bringup/share/drone_sim_bringup/package.sh'
[0.740s] INFO:colcon.colcon_core.shell:Creating package script '/root/drone_project/install/drone_sim_bringup/share/drone_sim_bringup/package.bash'
[0.741s] INFO:colcon.colcon_core.shell:Creating package script '/root/drone_project/install/drone_sim_bringup/share/drone_sim_bringup/package.zsh'
[0.742s] Level 1:colcon.colcon_core.environment:create_file_with_runtime_dependencies(/root/drone_project/install/drone_sim_bringup/share/colcon-core/packages/drone_sim_bringup)
[0.742s] Level 1:colcon.colcon_core.environment:create_environment_scripts_only(drone_sim_bringup)
[0.743s] Level 1:colcon.colcon_core.environment:checking '/root/drone_project/install/drone_sim_bringup' for CMake module files
[0.743s] Level 1:colcon.colcon_core.environment:checking '/root/drone_project/install/drone_sim_bringup' for CMake config files
[0.743s] Level 1:colcon.colcon_core.shell:create_environment_hook('drone_sim_bringup', 'cmake_prefix_path')
[0.744s] INFO:colcon.colcon_core.shell:Creating environment hook '/root/drone_project/install/drone_sim_bringup/share/drone_sim_bringup/hook/cmake_prefix_path.ps1'
[0.744s] INFO:colcon.colcon_core.shell:Creating environment descriptor '/root/drone_project/install/drone_sim_bringup/share/drone_sim_bringup/hook/cmake_prefix_path.dsv'
[0.744s] INFO:colcon.colcon_core.shell:Creating environment hook '/root/drone_project/install/drone_sim_bringup/share/drone_sim_bringup/hook/cmake_prefix_path.sh'
[0.745s] Level 1:colcon.colcon_core.environment:checking '/root/drone_project/install/drone_sim_bringup/bin'
[0.745s] Level 1:colcon.colcon_core.environment:checking '/root/drone_project/install/drone_sim_bringup/lib/pkgconfig/drone_sim_bringup.pc'
[0.745s] Level 1:colcon.colcon_core.environment:checking '/root/drone_project/install/drone_sim_bringup/lib/python3.12/site-packages'
[0.745s] Level 1:colcon.colcon_core.environment:checking '/root/drone_project/install/drone_sim_bringup/bin'
[0.746s] INFO:colcon.colcon_core.shell:Creating package script '/root/drone_project/install/drone_sim_bringup/share/drone_sim_bringup/package.ps1'
[0.746s] INFO:colcon.colcon_core.shell:Creating package descriptor '/root/drone_project/install/drone_sim_bringup/share/drone_sim_bringup/package.dsv'
[0.746s] INFO:colcon.colcon_core.shell:Creating package script '/root/drone_project/install/drone_sim_bringup/share/drone_sim_bringup/package.sh'
[0.747s] INFO:colcon.colcon_core.shell:Creating package script '/root/drone_project/install/drone_sim_bringup/share/drone_sim_bringup/package.bash'
[0.747s] INFO:colcon.colcon_core.shell:Creating package script '/root/drone_project/install/drone_sim_bringup/share/drone_sim_bringup/package.zsh'
[0.748s] Level 1:colcon.colcon_core.environment:create_file_with_runtime_dependencies(/root/drone_project/install/drone_sim_bringup/share/colcon-core/packages/drone_sim_bringup)
[0.748s] DEBUG:colcon.colcon_parallel_executor.executor.parallel:closing loop
[0.748s] DEBUG:colcon.colcon_parallel_executor.executor.parallel:loop closed
[0.748s] DEBUG:colcon.colcon_parallel_executor.executor.parallel:run_until_complete finished with '0'
[0.748s] DEBUG:colcon.colcon_core.event_reactor:joining thread
[0.768s] INFO:colcon.colcon_core.plugin_system:Skipping extension 'colcon_notification.desktop_notification.notify_send': Could not find 'notify-send'
[0.768s] INFO:colcon.colcon_core.plugin_system:Skipping extension 'colcon_notification.desktop_notification.terminal_notifier': Not used on non-Darwin systems
[0.769s] INFO:colcon.colcon_core.plugin_system:Skipping extension 'colcon_notification.desktop_notification.win32': Not used on non-Windows systems
[0.769s] INFO:colcon.colcon_notification.desktop_notification:Sending desktop notification using 'notify2'
[0.773s] DEBUG:colcon.colcon_notification.desktop_notification.notify2:Failed to initialize notify2: org.freedesktop.DBus.Error.Spawn.ExecFailed: /usr/bin/dbus-launch terminated abnormally without any error message
[0.774s] DEBUG:colcon.colcon_core.event_reactor:joined thread
[0.774s] INFO:colcon.colcon_core.shell:Creating prefix script '/root/drone_project/install/local_setup.ps1'
[0.776s] INFO:colcon.colcon_core.shell:Creating prefix util module '/root/drone_project/install/_local_setup_util_ps1.py'
[0.777s] INFO:colcon.colcon_core.shell:Creating prefix chain script '/root/drone_project/install/setup.ps1'
[0.779s] INFO:colcon.colcon_core.shell:Creating prefix script '/root/drone_project/install/local_setup.sh'
[0.780s] INFO:colcon.colcon_core.shell:Creating prefix util module '/root/drone_project/install/_local_setup_util_sh.py'
[0.780s] INFO:colcon.colcon_core.shell:Creating prefix chain script '/root/drone_project/install/setup.sh'
[0.781s] INFO:colcon.colcon_core.shell:Creating prefix script '/root/drone_project/install/local_setup.bash'
[0.782s] INFO:colcon.colcon_core.shell:Creating prefix chain script '/root/drone_project/install/setup.bash'
[0.784s] INFO:colcon.colcon_core.shell:Creating prefix script '/root/drone_project/install/local_setup.zsh'
[0.784s] INFO:colcon.colcon_core.shell:Creating prefix chain script '/root/drone_project/install/setup.zsh'
